gene	n.umis	n.tot	efficiency	depth	loss	n.obs
FBtr0070065-M	   8	   8.6	0.62	5.5	0.074	   8
FBtr0070119	  32	  34.9	0.55	5.4	0.082	  32
FBtr0070158-M	4415	4734.1	0.71	5.2	0.067	4415
FBtr0070234	  33	  35.2	0.74	5.6	0.062	  33
FBtr0070269	  18	  20.3	0.44	5.0	0.113	  18
FBtr0070345-M	  34	  36.9	0.55	5.5	0.077	  34
FBtr0070379-M	  79	  87.2	0.40	5.6	0.094	  79
FBtr0070396	  18	  19.4	0.64	5.4	0.074	  18
FBtr0070418	  69	  74.6	0.65	5.3	0.075	  69
FBtr0070419-M	  16	  17.3	0.61	5.4	0.076	  16
FBtr0070439-M	 110	 121.4	0.51	5.2	0.094	 110
FBtr0070460	   1	   1.1	0.56	5.4	0.080	   1
FBtr0070477-M	   1	   1.1	0.56	5.4	0.080	   1
FBtr0070484	  48	  51.5	0.58	5.8	0.068	  48
FBtr0070485	   3	   3.3	0.58	5.3	0.083	   3
FBtr0070487	  17	  18.5	0.68	5.1	0.081	  17
FBtr0070495	   4	   4.3	0.59	5.5	0.077	   4
FBtr0070519-M	  43	  46.3	0.63	5.5	0.071	  43
FBtr0070638	  32	  35.2	0.50	5.3	0.090	  32
FBtr0070804-M	  38	  40.6	0.68	5.7	0.063	  38
FBtr0070914	  25	  26.8	0.64	5.8	0.067	  25
FBtr0071147	   1	   1.1	0.56	5.4	0.080	   1
FBtr0071331-M	  17	  18.6	0.51	5.4	0.084	  17
FBtr0071511	  12	  13.4	0.48	5.1	0.104	  12
FBtr0071548	  16	  17.4	0.64	5.2	0.079	  16
FBtr0071569	  78	  85.9	0.38	5.7	0.092	  78
FBtr0071610	   8	   8.6	0.62	5.5	0.074	   8
FBtr0071687	  11	  12.4	0.45	5.0	0.110	  11
FBtr0071764-M	   3	   3.3	0.59	5.4	0.078	   3
FBtr0071911-M	 133	 146.1	0.50	5.3	0.090	 133
FBtr0071982	 265	 291.9	0.49	5.3	0.092	 265
FBtr0072047-M	   1	   1.1	0.56	5.4	0.080	   1
FBtr0072143-M	  96	 104.8	0.49	5.5	0.084	  96
FBtr0072152	  31	  33.5	0.61	5.5	0.073	  31
FBtr0072156	  52	  56.6	0.57	5.3	0.082	  52
FBtr0072368-M	   1	   1.1	0.56	5.4	0.080	   1
FBtr0072405-M	5048	5593.8	0.55	5.0	0.098	5048
FBtr0072565-M	 164	 179.9	0.51	5.3	0.089	 164
FBtr0072578	 129	 141.9	0.35	5.9	0.091	 129
FBtr0072856-M	   9	   9.8	0.57	5.5	0.077	   9
FBtr0072864-M	  68	  76.0	0.41	5.2	0.105	  68
FBtr0072903	  17	  18.4	0.60	5.5	0.074	  17
FBtr0073454	  32	  34.9	0.66	5.1	0.082	  32
FBtr0073460	  57	  63.0	0.38	5.6	0.096	  57
FBtr0073516-M	  22	  24.3	0.45	5.3	0.094	  22
FBtr0073540	  56	  60.1	0.68	5.4	0.068	  56
FBtr0073555	   3	   3.3	0.59	5.6	0.077	   3
FBtr0073558-M	 230	 254.1	0.48	5.3	0.095	 230
FBtr0073610-M	1591	1714.7	0.60	5.5	0.072	1591
FBtr0073754-M	  12	  13.0	0.65	5.2	0.079	  12
FBtr0073817	   9	  10.0	0.47	5.2	0.098	   9
FBtr0073841	  19	  21.5	0.40	5.0	0.114	  19
FBtr0073842	  51	  55.6	0.51	5.5	0.083	  51
FBtr0074110-M	 633	 680.5	0.58	5.6	0.070	 633
FBtr0074112-M	 287	 304.0	0.68	5.7	0.056	 287
FBtr0074173	  16	  17.3	0.57	5.7	0.074	  16
FBtr0074179	 319	 342.3	0.59	5.6	0.068	 319
FBtr0074372-M	   6	   6.6	0.50	5.3	0.089	   6
FBtr0074406	3057	3237.2	0.69	5.6	0.056	3057
FBtr0074463	  39	  43.2	0.43	5.3	0.097	  39
FBtr0074602	  32	  34.8	0.55	5.5	0.079	  32
FBtr0074727-M	  32	  36.0	0.42	5.0	0.112	  32
FBtr0074884-M	  22	  23.8	0.61	5.4	0.074	  22
FBtr0075039	  17	  18.5	0.56	5.3	0.083	  17
FBtr0075058	  90	  95.9	0.68	5.6	0.061	  90
FBtr0075122	   2	   2.2	0.56	5.4	0.080	   2
FBtr0075311-M	   8	   8.6	0.60	5.6	0.075	   8
FBtr0075318-M	  11	  12.2	0.46	5.2	0.099	  11
FBtr0075360	 254	 267.4	0.73	5.8	0.050	 254
FBtr0075492	  16	  17.2	0.67	5.4	0.071	  16
FBtr0075517	  37	  39.6	0.72	5.5	0.065	  37
FBtr0075526-M	  47	  51.6	0.50	5.3	0.089	  47
FBtr0075552-M	  22	  23.7	0.61	5.5	0.072	  22
FBtr0075627-M	 105	 112.3	0.53	6.1	0.065	 105
FBtr0075743-M	   3	   3.3	0.52	5.3	0.091	   3
FBtr0075749	  25	  27.7	0.71	4.8	0.097	  25
FBtr0075756	  19	  20.4	0.63	5.9	0.068	  19
FBtr0075970	  59	  62.9	0.70	5.6	0.062	  59
FBtr0076004	   2	   2.2	0.56	5.4	0.080	   2
FBtr0076253-M	  15	  16.2	0.59	5.5	0.076	  15
FBtr0076279-M	  23	  25.2	0.53	5.2	0.088	  23
FBtr0076495	   1	   1.1	0.56	5.4	0.080	   1
FBtr0076497	   2	   2.2	0.56	5.4	0.080	   2
FBtr0076543-M	  68	  77.9	0.30	5.0	0.128	  68
FBtr0076571	   2	   2.2	0.56	5.4	0.080	   2
FBtr0076669-M	  92	 100.0	0.49	5.7	0.080	  92
FBtr0076689	   2	   2.2	0.56	5.4	0.080	   2
FBtr0076772-M	  27	  29.8	0.51	5.2	0.093	  27
FBtr0076926	   3	   3.3	0.58	5.4	0.078	   3
FBtr0076934	 494	 534.1	0.61	5.4	0.075	 494
FBtr0076984-M	   1	   1.1	0.56	5.4	0.080	   1
FBtr0077014	 917	1011.7	0.47	5.3	0.094	 917
FBtr0077062-M	   2	   2.2	0.56	5.4	0.080	   2
FBtr0077074	  67	  71.4	0.65	5.8	0.062	  67
FBtr0077192	  35	  38.9	0.48	5.1	0.100	  35
FBtr0077221-M	 110	 121.8	0.47	5.2	0.097	 110
FBtr0077342	  94	 103.0	0.55	5.2	0.087	  94
FBtr0077478	   5	   5.5	0.60	5.1	0.093	   5
FBtr0077557	   1	   1.1	0.56	5.4	0.080	   1
FBtr0077673	   1	   1.1	0.56	5.4	0.080	   1
FBtr0077773-M	   1	   1.1	0.56	5.4	0.080	   1
FBtr0077867-M	 113	 120.3	0.64	5.8	0.061	 113
FBtr0077906-M	 508	 537.7	0.67	5.8	0.055	 508
FBtr0077941-M	  65	  72.6	0.47	5.0	0.105	  65
FBtr0078045-M	   1	   1.1	0.56	5.4	0.080	   1
FBtr0078115-M	  92	  98.0	0.68	5.7	0.061	  92
FBtr0078212-M	   1	   1.1	0.56	5.4	0.080	   1
FBtr0078283	  45	  55.1	0.49	4.1	0.183	  45
FBtr0078405-M	  23	  24.7	0.65	5.5	0.070	  23
FBtr0078800-M	   1	   1.1	0.56	5.4	0.080	   1
FBtr0079002-M	2922	3195.7	0.58	5.2	0.086	2922
FBtr0079179-M	 142	 150.0	0.72	5.8	0.054	 142
FBtr0079219	   7	   7.6	0.58	5.5	0.077	   7
FBtr0079230	   1	   1.1	0.56	5.4	0.080	   1
FBtr0079236-M	1757	1900.6	0.54	5.6	0.076	1757
FBtr0079291-M	  92	  99.2	0.50	6.0	0.072	  92
FBtr0079295-M	  78	  83.2	0.72	5.5	0.062	  78
FBtr0079299	  22	  24.1	0.54	5.2	0.088	  22
FBtr0079312-M	   5	   5.4	0.57	5.6	0.077	   5
FBtr0079320-M	   2	   2.2	0.56	5.4	0.080	   2
FBtr0079323	   5	   5.5	0.50	5.3	0.088	   5
FBtr0079345-M	  65	  71.0	0.57	5.2	0.084	  65
FBtr0079350	  15	  16.3	0.51	5.5	0.082	  15
FBtr0079358-M	  28	  30.6	0.58	5.2	0.086	  28
FBtr0079362	   6	   6.5	0.61	5.6	0.075	   6
FBtr0079364	  19	  20.4	0.61	5.8	0.069	  19
FBtr0079365	  21	  22.8	0.53	5.5	0.080	  21
FBtr0079374-M	   7	   7.6	0.62	5.2	0.083	   7
FBtr0079389	  10	  10.8	0.64	5.6	0.072	  10
FBtr0079417	  15	  16.1	0.61	5.8	0.071	  15
FBtr0079423	 111	 119.4	0.44	6.4	0.071	 111
FBtr0079424	  29	  30.9	0.68	6.0	0.062	  29
FBtr0079427	  25	  27.5	0.43	5.5	0.092	  25
FBtr0079444-M	  76	  83.1	0.50	5.5	0.085	  76
FBtr0079451-M	   1	   1.1	0.56	5.4	0.080	   1
FBtr0079466	 153	 163.1	0.64	5.7	0.062	 153
FBtr0079467	  28	  30.0	0.69	5.6	0.066	  28
FBtr0079468	   1	   1.1	0.56	5.4	0.080	   1
FBtr0079469	  39	  42.3	0.56	5.5	0.077	  39
FBtr0079488	  45	  52.5	0.33	4.7	0.143	  45
FBtr0079489-M	  60	  64.5	0.52	6.0	0.070	  60
FBtr0079496	   6	   6.6	0.49	5.2	0.096	   6
FBtr0079540	   8	   8.6	0.62	5.7	0.073	   8
FBtr0079549	   8	   8.7	0.56	5.4	0.080	   8
FBtr0079550	  12	  13.1	0.62	5.2	0.081	  12
FBtr0079586	  24	  25.8	0.58	5.8	0.071	  24
FBtr0079589	   1	   1.1	0.56	5.4	0.080	   1
FBtr0079594	   2	   2.2	0.56	5.4	0.080	   2
FBtr0079598	  44	  50.2	0.33	5.0	0.124	  44
FBtr0079599	  16	  17.4	0.55	5.4	0.080	  16
FBtr0079600	  43	  45.9	0.65	5.8	0.063	  43
FBtr0079601	 121	 132.5	0.46	5.6	0.087	 121
FBtr0079602-M	   1	   1.1	0.56	5.4	0.080	   1
FBtr0079605	 359	 410.4	0.66	4.2	0.125	 359
FBtr0079612	   3	   3.3	0.52	5.4	0.084	   3
FBtr0079613	 223	 238.0	0.66	5.6	0.063	 223
FBtr0079628-M	 234	 256.3	0.39	5.9	0.087	 234
FBtr0079631	 222	 238.0	0.59	5.7	0.067	 222
FBtr0079632	  40	  43.4	0.59	5.4	0.078	  40
FBtr0079634-M	  39	  43.8	0.44	5.0	0.109	  39
FBtr0079637	   3	   3.3	0.56	5.4	0.080	   3
FBtr0079639	  23	  24.7	0.62	5.6	0.070	  23
FBtr0079641-M	  59	  62.9	0.58	6.2	0.062	  59
FBtr0079642	   9	   9.8	0.60	5.3	0.079	   9
FBtr0079650	  46	  50.2	0.58	5.2	0.083	  46
FBtr0079651	  27	  29.3	0.51	5.6	0.080	  27
FBtr0079652-M	  23	  24.9	0.64	5.2	0.078	  23
FBtr0079654-M	  44	  47.2	0.55	6.0	0.068	  44
FBtr0079682	  47	  49.9	0.71	5.9	0.058	  47
FBtr0079696	  42	  45.0	0.65	5.6	0.067	  42
FBtr0079697	  24	  26.3	0.46	5.4	0.089	  24
FBtr0079708	  60	  65.4	0.54	5.4	0.083	  60
FBtr0079712-M	   5	   5.5	0.52	5.3	0.090	   5
FBtr0079723	   8	   8.6	0.61	5.5	0.074	   8
FBtr0079727-M	 825	 871.4	0.63	6.0	0.053	 825
FBtr0079750	  32	  34.5	0.64	5.4	0.073	  32
FBtr0079751	   1	   1.1	0.56	5.4	0.080	   1
FBtr0079753-M	   1	   1.1	0.56	5.4	0.080	   1
FBtr0079762	  19	  20.5	0.69	5.3	0.072	  19
FBtr0079768	   1	   1.1	0.56	5.4	0.080	   1
FBtr0079774	  73	  78.0	0.60	5.9	0.064	  73
FBtr0079783	   2	   2.2	0.56	5.4	0.080	   2
FBtr0079787-M	  15	  16.2	0.59	5.5	0.076	  15
FBtr0079788	  81	  86.5	0.68	5.6	0.063	  81
FBtr0079805	   1	   1.1	0.56	5.4	0.080	   1
FBtr0079810	   5	   5.5	0.59	5.2	0.087	   5
FBtr0079818-M	  71	  75.6	0.62	6.0	0.061	  71
FBtr0079825-M	   3	   3.3	0.59	5.3	0.082	   3
FBtr0079829	   1	   1.1	0.56	5.4	0.080	   1
FBtr0079835-M	  12	  12.9	0.65	5.4	0.073	  12
FBtr0079842-M	   9	   9.8	0.59	5.4	0.077	   9
FBtr0079848	 188	 222.6	0.56	4.0	0.155	 188
FBtr0079852-M	 102	 113.4	0.41	5.4	0.100	 102
FBtr0079863-M	   1	   1.1	0.56	5.4	0.080	   1
FBtr0079869-M	 107	 114.6	0.59	5.8	0.067	 107
FBtr0079870-M	  60	  65.7	0.51	5.4	0.087	  60
FBtr0079883-M	  10	  10.8	0.64	5.6	0.072	  10
FBtr0079891	  10	  11.0	0.48	5.4	0.090	  10
FBtr0079901-M	  22	  23.7	0.63	5.4	0.073	  22
FBtr0079911	   9	   9.8	0.56	5.5	0.078	   9
FBtr0079913-M	   1	   1.1	0.56	5.4	0.080	   1
FBtr0079917	   7	   7.7	0.56	5.1	0.096	   7
FBtr0079929-M	   7	   7.7	0.49	5.3	0.094	   7
FBtr0079944-M	  51	  54.2	0.79	5.4	0.059	  51
FBtr0079947	  18	  19.3	0.68	5.6	0.068	  18
FBtr0079950-M	  10	  10.8	0.64	5.5	0.073	  10
FBtr0079952-M	 361	 382.5	0.74	5.5	0.056	 361
FBtr0079954-M	  32	  35.1	0.55	5.2	0.089	  32
FBtr0079958	  20	  21.8	0.51	5.5	0.081	  20
FBtr0079959	   2	   2.2	0.56	5.4	0.080	   2
FBtr0079960	  50	  54.8	0.45	5.6	0.087	  50
FBtr0079962	  12	  13.0	0.61	5.5	0.074	  12
FBtr0079971	   1	   1.1	0.56	5.4	0.080	   1
FBtr0079984	  10	  10.8	0.64	5.4	0.074	  10
FBtr0079985	  17	  18.2	0.68	5.6	0.068	  17
FBtr0079987	  51	  57.3	0.37	5.2	0.110	  51
FBtr0079988	 860	1240.8	0.29	3.0	0.307	 860
FBtr0079989-M	   4	   4.3	0.55	5.4	0.080	   4
FBtr0079992	  83	  89.8	0.64	5.2	0.076	  83
FBtr0079998-M	  13	  14.0	0.60	5.7	0.072	  13
FBtr0080003	  59	  64.0	0.54	5.5	0.078	  59
FBtr0080004-M	   5	   5.4	0.56	5.4	0.080	   5
FBtr0080005-M	  20	  21.6	0.58	5.5	0.076	  20
FBtr0080006	   1	   1.1	0.56	5.4	0.080	   1
FBtr0080018-M	  12	  13.0	0.60	5.5	0.076	  12
FBtr0080019	  42	  45.5	0.67	5.2	0.077	  42
FBtr0080020-M	 170	 180.4	0.69	5.7	0.057	 170
FBtr0080024	   5	   5.4	0.54	5.4	0.081	   5
FBtr0080026	  28	  30.3	0.57	5.5	0.077	  28
FBtr0080032-M	  11	  11.9	0.56	5.5	0.078	  11
FBtr0080038	  23	  24.7	0.70	5.5	0.067	  23
FBtr0080044	   5	   5.4	0.60	5.5	0.076	   5
FBtr0080047	 103	 108.9	0.67	6.1	0.054	 103
FBtr0080064-M	 126	 135.7	0.60	5.5	0.071	 126
FBtr0080071	  39	  42.4	0.50	5.6	0.080	  39
FBtr0080074	  98	 105.6	0.63	5.4	0.072	  98
FBtr0080086	 106	 111.6	0.80	5.7	0.050	 106
FBtr0080087	  39	  41.7	0.60	6.0	0.065	  39
FBtr0080110	  23	  25.3	0.56	5.1	0.092	  23
FBtr0080111	   6	   6.6	0.50	5.3	0.090	   6
FBtr0080112	  17	  18.4	0.63	5.3	0.077	  17
FBtr0080113	  23	  25.0	0.57	5.4	0.078	  23
FBtr0080119	  33	  35.7	0.60	5.4	0.076	  33
FBtr0080122	  92	  98.9	0.67	5.3	0.069	  92
FBtr0080162	   1	   1.1	0.56	5.4	0.080	   1
FBtr0080165-M	 104	 110.5	0.64	5.9	0.059	 104
FBtr0080168-M	  44	  47.9	0.48	5.7	0.081	  44
FBtr0080187-M	  71	  77.4	0.51	5.5	0.083	  71
FBtr0080191	  58	  63.0	0.59	5.3	0.079	  58
FBtr0080200	  21	  23.2	0.42	5.4	0.096	  21
FBtr0080202-M	  14	  15.1	0.61	5.6	0.073	  14
FBtr0080212	   5	   5.4	0.60	5.6	0.076	   5
FBtr0080222	  37	  41.5	0.42	5.1	0.108	  37
FBtr0080226	  36	  39.1	0.59	5.3	0.080	  36
FBtr0080230	  89	  98.2	0.40	5.6	0.093	  89
FBtr0080232-M	 102	 118.1	0.18	5.4	0.136	 102
FBtr0080239	  63	  67.5	0.68	5.4	0.067	  63
FBtr0080246	  12	  13.3	0.50	5.1	0.098	  12
FBtr0080248	  14	  16.1	0.45	4.8	0.129	  14
FBtr0080286-M	   3	   3.3	0.59	5.5	0.077	   3
FBtr0080290	  93	  99.5	0.67	5.5	0.065	  93
FBtr0080306	 203	 229.5	0.45	4.9	0.115	 203
FBtr0080308	  89	  95.1	0.66	5.6	0.064	  89
FBtr0080309	   9	   9.8	0.58	5.3	0.081	   9
FBtr0080312	  10	  10.9	0.50	5.4	0.086	  10
FBtr0080313	  56	  60.8	0.58	5.4	0.079	  56
FBtr0080325	  16	  17.2	0.62	5.6	0.072	  16
FBtr0080330	  40	  45.9	0.32	5.0	0.128	  40
FBtr0080342	  32	  35.5	0.42	5.3	0.098	  32
FBtr0080358	  46	  50.3	0.51	5.4	0.086	  46
FBtr0080364	  43	  46.5	0.63	5.3	0.075	  43
FBtr0080367	   9	  10.1	0.49	5.1	0.106	   9
FBtr0080396-M	   2	   2.2	0.56	5.4	0.080	   2
FBtr0080397-M	  30	  32.4	0.54	5.8	0.074	  30
FBtr0080398	 106	 113.3	0.65	5.6	0.065	 106
FBtr0080406	   5	   5.4	0.59	5.6	0.076	   5
FBtr0080411	 226	 239.0	0.69	5.8	0.055	 226
FBtr0080430	  76	  83.9	0.48	5.3	0.094	  76
FBtr0080435	  60	  65.3	0.55	5.4	0.082	  60
FBtr0080436	  20	  21.4	0.68	5.9	0.065	  20
FBtr0080437	   5	   5.5	0.50	5.3	0.092	   5
FBtr0080438-M	  27	  29.4	0.47	5.7	0.082	  27
FBtr0080439-M	 325	 348.7	0.50	6.1	0.068	 325
FBtr0080444	   9	   9.7	0.63	5.3	0.076	   9
FBtr0080445	  44	  47.0	0.69	5.6	0.064	  44
FBtr0080460-M	  18	  19.4	0.55	5.7	0.074	  18
FBtr0080465	  52	  55.0	0.74	6.0	0.054	  52
FBtr0080470	  93	 101.4	0.45	5.7	0.083	  93
FBtr0080471	  23	  24.6	0.68	5.8	0.065	  23
FBtr0080472-M	 193	 211.8	0.51	5.3	0.089	 193
FBtr0080483	  28	  30.0	0.70	5.6	0.065	  28
FBtr0080484	  35	  37.3	0.67	6.0	0.061	  35
FBtr0080488	  16	  17.4	0.54	5.5	0.079	  16
FBtr0080492	  22	  24.1	0.52	5.3	0.088	  22
FBtr0080493	  13	  14.2	0.48	5.5	0.087	  13
FBtr0080499	   6	   6.8	0.51	5.0	0.115	   6
FBtr0080500-M	  24	  26.8	0.37	5.4	0.103	  24
FBtr0080519	  16	  17.4	0.52	5.5	0.081	  16
FBtr0080522-M	  34	  36.7	0.62	5.4	0.074	  34
FBtr0080525-M	  13	  14.0	0.63	5.4	0.075	  13
FBtr0080541	  23	  24.8	0.59	5.7	0.071	  23
FBtr0080570	 168	 187.9	0.53	4.8	0.106	 168
FBtr0080629	  12	  13.1	0.54	5.3	0.086	  12
FBtr0080696	  21	  23.2	0.50	5.1	0.095	  21
FBtr0080705-M	  87	  92.3	0.79	5.4	0.057	  87
FBtr0080725-M	  22	  23.5	0.70	5.8	0.064	  22
FBtr0080738-M	 212	 225.1	0.62	6.0	0.058	 212
FBtr0080760	  25	  27.6	0.42	5.4	0.095	  25
FBtr0080765	   3	   3.3	0.55	5.3	0.083	   3
FBtr0080833	  65	  70.2	0.67	5.2	0.074	  65
FBtr0080838-M	  15	  16.2	0.67	5.4	0.072	  15
FBtr0080843	  32	  34.3	0.63	5.7	0.067	  32
FBtr0080846-M	  23	  24.8	0.70	5.2	0.073	  23
FBtr0080848	 125	 135.7	0.52	5.6	0.079	 125
FBtr0080855-M	  14	  15.1	0.62	5.7	0.071	  14
FBtr0080871	   7	   7.6	0.62	5.5	0.074	   7
FBtr0080889-M	 319	 339.8	0.67	5.6	0.061	 319
FBtr0080891	  39	  41.8	0.66	5.5	0.068	  39
FBtr0080892	   4	   4.4	0.51	5.2	0.094	   4
FBtr0080908-M	   1	   1.1	0.56	5.4	0.080	   1
FBtr0080928	   2	   2.2	0.56	5.4	0.080	   2
FBtr0080957	  19	  20.5	0.54	5.7	0.075	  19
FBtr0080968	  48	  52.3	0.53	5.4	0.082	  48
FBtr0080979	   1	   1.1	0.56	5.4	0.080	   1
FBtr0081011	 154	 164.9	0.62	5.6	0.066	 154
FBtr0081042-M	  25	  27.2	0.50	5.6	0.081	  25
FBtr0081143	 127	 133.7	0.64	6.4	0.050	 127
FBtr0081155	   2	   2.2	0.56	5.4	0.080	   2
FBtr0081177	  59	  62.6	0.73	5.8	0.057	  59
FBtr0081180	  57	  61.1	0.66	5.5	0.067	  57
FBtr0081513-M	 299	 317.9	0.60	5.9	0.059	 299
FBtr0081618-M	 169	 180.2	0.66	5.6	0.062	 169
FBtr0081666-M	   3	   3.3	0.57	5.4	0.079	   3
FBtr0081758	  50	  56.3	0.34	5.3	0.112	  50
FBtr0081987-M	 430	 469.1	0.46	5.7	0.083	 430
FBtr0082003-M	  16	  17.6	0.46	5.3	0.093	  16
FBtr0082052-M	  19	  20.8	0.46	5.5	0.088	  19
FBtr0082194	   1	   1.1	0.56	5.4	0.080	   1
FBtr0082255-M	   2	   2.2	0.56	5.4	0.080	   2
FBtr0082434	  31	  33.6	0.63	5.3	0.076	  31
FBtr0082483	   9	  10.0	0.47	5.2	0.100	   9
FBtr0082660-M	 193	 215.1	0.47	5.1	0.103	 193
FBtr0082662	   7	   8.0	0.49	5.0	0.120	   7
FBtr0082703	  43	  47.0	0.47	5.6	0.085	  43
FBtr0082780-M	   6	   6.5	0.61	5.6	0.075	   6
FBtr0082832-M	  67	  74.9	0.42	5.2	0.105	  67
FBtr0083126	  50	  54.6	0.58	5.2	0.084	  50
FBtr0083196-M	  18	  19.4	0.68	5.3	0.072	  18
FBtr0083238	 105	 112.2	0.66	5.6	0.065	 105
FBtr0083538	   2	   2.2	0.56	5.4	0.080	   2
FBtr0083739-M	  19	  23.9	0.69	4.3	0.206	  19
FBtr0083917-M	 117	 126.0	0.59	5.6	0.071	 117
FBtr0084064-M	  16	  17.7	0.63	5.0	0.094	  16
FBtr0084589	1669	1830.7	0.55	5.2	0.088	1669
FBtr0084660-M	  38	  40.7	0.60	5.8	0.067	  38
FBtr0084692	  24	  25.9	0.60	5.5	0.074	  24
FBtr0084869	   2	   2.2	0.56	5.4	0.080	   2
FBtr0084958	   7	   7.6	0.61	5.4	0.076	   7
FBtr0084960	   1	   1.1	0.56	5.4	0.080	   1
FBtr0084982	  25	  27.3	0.57	5.2	0.084	  25
FBtr0084994-M	 312	 343.0	0.55	5.1	0.090	 312
FBtr0085175	  29	  32.6	0.41	5.1	0.110	  29
FBtr0085298-M	 203	 225.6	0.43	5.3	0.100	 203
FBtr0085484-M	  18	  19.7	0.47	5.4	0.089	  18
FBtr0085593-M	4839	5473.4	0.52	4.7	0.116	4839
FBtr0085595-M	  28	  30.3	0.47	6.1	0.076	  28
FBtr0085609-M	  28	  31.1	0.43	5.3	0.099	  28
FBtr0085612	  11	  11.9	0.64	5.3	0.075	  11
FBtr0085614	   5	   5.5	0.53	5.4	0.083	   5
FBtr0085616	  10	  11.0	0.50	5.3	0.090	  10
FBtr0085640	   4	   4.3	0.59	5.3	0.079	   4
FBtr0085713	 502	 535.7	0.55	6.0	0.063	 502
FBtr0085744	 121	 129.2	0.67	5.6	0.063	 121
FBtr0085874-M	 313	 332.7	0.63	5.8	0.059	 313
FBtr0085875	 140	 151.3	0.62	5.3	0.074	 140
FBtr0086029	1085	1155.6	0.60	5.9	0.061	1085
FBtr0086031-M	  24	  26.1	0.71	5.0	0.081	  24
FBtr0086112-M	  84	  89.1	0.65	6.1	0.057	  84
FBtr0086133	   1	   1.1	0.56	5.4	0.080	   1
FBtr0086461	   2	   2.2	0.56	5.4	0.080	   2
FBtr0086744-M	  25	  27.5	0.46	5.4	0.090	  25
FBtr0087184	 121	 135.8	0.47	4.9	0.109	 121
FBtr0087232-M	  88	  97.5	0.43	5.3	0.098	  88
FBtr0087387-M	  60	  65.9	0.51	5.3	0.089	  60
FBtr0087568-M	 496	 524.2	0.63	6.0	0.054	 496
FBtr0087647	  89	  96.8	0.53	5.5	0.080	  89
FBtr0087702	   9	   9.7	0.61	5.7	0.073	   9
FBtr0087782-M	2045	2258.3	0.56	5.0	0.094	2045
FBtr0088010	 172	 188.8	0.53	5.2	0.089	 172
FBtr0088095-M	   1	   1.1	0.56	5.4	0.080	   1
FBtr0088154	  23	  25.3	0.41	5.6	0.092	  23
FBtr0088272-M	  38	  40.6	0.71	5.5	0.065	  38
FBtr0088410-M	  62	  67.0	0.51	5.8	0.075	  62
FBtr0088422-M	  17	  18.4	0.62	5.3	0.076	  17
FBtr0088651	   4	   4.3	0.55	5.5	0.080	   4
FBtr0088679-M	  91	  99.3	0.49	5.6	0.083	  91
FBtr0088831	  12	  13.8	0.65	4.8	0.129	  12
FBtr0088903-M	 318	 339.7	0.70	5.4	0.064	 318
FBtr0089015-M	  20	  22.1	0.49	5.2	0.094	  20
FBtr0089204	 114	 126.8	0.46	5.2	0.101	 114
FBtr0089304-M	  16	  17.2	0.64	5.7	0.069	  16
FBtr0089498-M	  66	  71.2	0.55	5.7	0.073	  66
FBtr0089505-M	  60	  64.6	0.67	5.3	0.071	  60
FBtr0089735-M	 179	 185.5	0.79	6.6	0.035	 179
FBtr0089747	   3	   3.3	0.59	5.4	0.079	   3
FBtr0089853-M	  43	  47.0	0.52	5.4	0.084	  43
FBtr0089931-M	   2	   2.2	0.56	5.4	0.080	   2
FBtr0089991	 200	 211.5	0.70	5.8	0.054	 200
FBtr0090006-M	   1	   1.1	0.56	5.4	0.080	   1
FBtr0090027-M	 113	 119.9	0.65	5.9	0.057	 113
FBtr0100153-M	 260	 278.6	0.63	5.5	0.067	 260
FBtr0100220-M	  15	  16.6	0.47	5.3	0.094	  15
FBtr0100265-M	   3	   3.3	0.52	5.3	0.091	   3
FBtr0100410-M	 181	 193.6	0.63	5.6	0.065	 181
FBtr0100411-M	   7	   7.6	0.53	5.5	0.080	   7
FBtr0100456-M	   6	   6.5	0.57	5.3	0.082	   6
FBtr0100565-M	   2	   2.2	0.56	5.4	0.080	   2
FBtr0110966-M	  64	  69.3	0.51	5.7	0.076	  64
FBtr0110978-M	  31	  33.2	0.74	5.4	0.066	  31
FBtr0111000-M	  61	  66.5	0.58	5.2	0.083	  61
FBtr0111009-M	  15	  16.2	0.65	5.4	0.072	  15
FBtr0112790-M	3240	3502.3	0.55	5.6	0.075	3240
FBtr0112795-M	 106	 115.3	0.45	5.8	0.080	 106
FBtr0112801-M	   6	   6.6	0.49	5.3	0.092	   6
FBtr0112805-M	   1	   1.1	0.56	5.4	0.080	   1
FBtr0112809-M	   1	   1.1	0.56	5.4	0.080	   1
FBtr0112813-M	 100	 107.0	0.63	5.6	0.065	 100
FBtr0113026	   1	   1.1	0.56	5.4	0.080	   1
FBtr0113028-M	  16	  17.5	0.57	5.2	0.088	  16
FBtr0113031	   6	   6.5	0.61	5.6	0.075	   6
FBtr0113033-M	   4	   4.3	0.59	5.5	0.077	   4
FBtr0113035	   1	   1.1	0.56	5.4	0.080	   1
FBtr0114586	  29	  32.0	0.51	5.2	0.094	  29
FBtr0273273	  23	  24.7	0.68	5.4	0.070	  23
FBtr0273339-M	   5	   5.5	0.50	5.5	0.084	   5
FBtr0273342-M	   1	   1.1	0.56	5.4	0.080	   1
FBtr0273420-M	   1	   1.1	0.56	5.4	0.080	   1
FBtr0289952	   6	   6.5	0.61	5.5	0.075	   6
FBtr0290076-M	 310	 332.3	0.58	5.8	0.067	 310
FBtr0290078-M	  37	  39.7	0.69	5.4	0.067	  37
FBtr0290229-M	   1	   1.1	0.56	5.4	0.080	   1
FBtr0290291-M	   1	   1.1	0.56	5.4	0.080	   1
FBtr0290323-M	   2	   2.2	0.56	5.4	0.080	   2
FBtr0299780-M	   3	   3.3	0.55	5.3	0.088	   3
FBtr0299823-M	  11	  11.8	0.64	5.7	0.071	  11
FBtr0300056	   3	   3.3	0.59	5.3	0.080	   3
FBtr0300183-M	  44	  50.8	0.30	5.0	0.133	  44
FBtr0300185-M	   6	   6.6	0.53	5.3	0.086	   6
FBtr0300273	   2	   2.2	0.56	5.4	0.080	   2
FBtr0300442-M	  40	  44.2	0.45	5.3	0.094	  40
FBtr0300868-M	  67	  71.7	0.62	5.8	0.066	  67
FBtr0301093-M	   7	   7.8	0.49	5.2	0.098	   7
FBtr0301128-M	   1	   1.1	0.56	5.4	0.080	   1
FBtr0301152-M	  30	  32.1	0.64	5.7	0.067	  30
FBtr0301163-M	  11	  12.0	0.50	5.4	0.086	  11
FBtr0301171-M	  38	  40.7	0.57	6.1	0.066	  38
FBtr0301229-M	  56	  62.0	0.48	5.2	0.097	  56
FBtr0301247	  38	  41.6	0.52	5.3	0.086	  38
FBtr0301330	  13	  14.0	0.65	5.6	0.071	  13
FBtr0301354-M	   4	   4.3	0.59	5.5	0.077	   4
FBtr0301496-M	   5	   5.4	0.59	5.4	0.078	   5
FBtr0301914-M	   1	   1.1	0.56	5.4	0.080	   1
FBtr0301931-M	 112	 120.6	0.60	5.6	0.071	 112
FBtr0302029	   2	   2.2	0.56	5.4	0.080	   2
FBtr0302043-M	   1	   1.1	0.56	5.4	0.080	   1
FBtr0302285-M	   6	   6.5	0.61	5.6	0.075	   6
FBtr0302439-M	  42	  45.3	0.61	5.5	0.073	  42
FBtr0302490-M	   1	   1.1	0.56	5.4	0.080	   1
FBtr0302948-M	  11	  11.9	0.64	5.5	0.073	  11
FBtr0303220-M	   1	   1.1	0.56	5.4	0.080	   1
FBtr0303874	  84	  89.2	0.64	6.0	0.058	  84
FBtr0304650-M	 153	 167.2	0.51	5.4	0.085	 153
FBtr0304887-M	  63	  67.2	0.65	5.8	0.063	  63
FBtr0304963-M	2189	2433.4	0.53	5.0	0.100	2189
FBtr0305261	  33	  35.1	0.70	5.9	0.060	  33
FBtr0305555-M	  60	  63.9	0.65	5.9	0.060	  60
FBtr0306114-M	   5	   5.4	0.56	5.4	0.080	   5
FBtr0306345-M	   1	   1.1	0.56	5.4	0.080	   1
FBtr0306592-M	 142	 154.3	0.51	5.6	0.080	 142
FBtr0306814-M	 122	 131.8	0.53	5.7	0.075	 122
FBtr0307033-M	   1	   1.1	0.56	5.4	0.080	   1
FBtr0307059-M	 493	 534.3	0.53	5.6	0.077	 493
FBtr0307068-M	1430	1560.4	0.58	5.2	0.084	1430
FBtr0307074-M	   1	   1.1	0.56	5.4	0.080	   1
FBtr0307092-M	  28	  31.0	0.44	5.3	0.096	  28
FBtr0307093-M	   1	   1.1	0.56	5.4	0.080	   1
FBtr0307291-M	   2	   2.2	0.56	5.4	0.080	   2
FBtr0307296-M	 683	 751.0	0.52	5.2	0.091	 683
FBtr0308328-M	  70	  75.7	0.58	5.5	0.076	  70
FBtr0308617-M	 133	 143.0	0.61	5.5	0.070	 133
FBtr0309209-M	  41	  45.6	0.49	5.1	0.100	  41
FBtr0309504-M	 643	 682.7	0.61	5.9	0.058	 643
FBtr0309842-M	   2	   2.2	0.56	5.4	0.080	   2
FBtr0309960-M	   8	   8.6	0.62	5.6	0.073	   8
FBtr0310083-M	   1	   1.1	0.56	5.4	0.080	   1
FBtr0310149	   2	   2.2	0.56	5.4	0.080	   2
FBtr0310412	  37	  40.0	0.55	5.7	0.075	  37
FBtr0310625-M	  25	  26.8	0.71	5.4	0.067	  25
FBtr0321259-M	  13	  15.6	0.44	4.6	0.165	  13
FBtr0329925-M	   3	   3.3	0.56	5.3	0.083	   3
FBtr0329944-M	  51	  54.6	0.63	5.8	0.065	  51
FBtr0329948-M	   9	   9.8	0.54	5.5	0.081	   9
FBtr0329967-M	  64	  69.1	0.55	5.7	0.074	  64
FBtr0329998-M	  77	  82.8	0.61	5.5	0.071	  77
FBtr0330197-M	  51	  56.9	0.46	5.1	0.103	  51
FBtr0330225-M	  71	  75.3	0.77	5.5	0.057	  71
FBtr0330623-M	 115	 125.9	0.51	5.4	0.087	 115
FBtr0330658-M	 120	 126.2	0.85	5.5	0.049	 120
FBtr0331197-M	  27	  29.4	0.60	5.2	0.083	  27
FBtr0331282-M	   7	   7.6	0.62	5.7	0.074	   7
FBtr0331325-M	 121	 129.3	0.64	5.6	0.064	 121
FBtr0331348-M	   4	   4.4	0.53	5.4	0.083	   4
FBtr0331632-M	   5	   5.5	0.57	5.3	0.085	   5
FBtr0331645-M	   4	   4.4	0.59	5.2	0.084	   4
FBtr0331669-M	 104	 115.1	0.54	5.0	0.097	 104
FBtr0331672-M	   1	   1.1	0.56	5.4	0.080	   1
FBtr0331927-M	6015	6467.9	0.52	5.9	0.070	6015
FBtr0331932-M	6478	6936.6	0.62	5.6	0.066	6478
FBtr0331990-M	  36	  38.9	0.59	5.5	0.075	  36
FBtr0331995-M	   7	   7.6	0.61	5.4	0.076	   7
FBtr0332065-M	 394	 429.8	0.56	5.3	0.083	 394
FBtr0332102-M	 147	 165.3	0.42	5.1	0.111	 147
FBtr0332187-M	  43	  46.3	0.54	5.9	0.071	  43
FBtr0332189-M	  60	  64.0	0.65	5.8	0.062	  60
FBtr0332194-M	  97	 104.2	0.69	5.3	0.069	  97
FBtr0332206-M	   1	   1.1	0.56	5.4	0.080	   1
FBtr0332315-M	  19	  20.6	0.63	5.3	0.076	  19
FBtr0332325-M	  15	  16.3	0.53	5.6	0.079	  15
FBtr0332360-M	   7	   7.6	0.53	5.4	0.084	   7
FBtr0332410-M	  58	  62.1	0.57	6.0	0.066	  58
FBtr0332414-M	  31	  34.0	0.54	5.2	0.088	  31
FBtr0332415-M	   7	   7.7	0.52	5.3	0.086	   7
FBtr0332505-M	  98	 107.2	0.56	5.2	0.086	  98
FBtr0332522-M	   1	   1.1	0.56	5.4	0.080	   1
FBtr0332873-M	2795	3005.7	0.57	5.6	0.070	2795
FBtr0332882-M	 114	 124.8	0.51	5.4	0.087	 114
FBtr0332921-M	  78	  84.1	0.64	5.4	0.073	  78
FBtr0332966-M	2068	2184.0	0.70	5.7	0.053	2068
FBtr0333092-M	   2	   2.2	0.56	5.4	0.080	   2
FBtr0333094-M	  48	  52.2	0.60	5.2	0.081	  48
FBtr0333095-M	 389	 420.7	0.55	5.6	0.075	 389
FBtr0333098-M	  49	  52.4	0.66	5.7	0.065	  49
FBtr0333115-M	  22	  23.6	0.61	5.7	0.070	  22
FBtr0333229-M	  29	  31.1	0.62	5.7	0.069	  29
FBtr0333305-M	 191	 208.0	0.55	5.4	0.082	 191
FBtr0333322-M	 139	 148.8	0.51	6.2	0.066	 139
FBtr0333324-M	 218	 231.6	0.71	5.5	0.059	 218
FBtr0333335-M	 287	 311.7	0.51	5.6	0.079	 287
FBtr0333349-M	   6	   6.6	0.61	5.2	0.087	   6
FBtr0333383-M	   2	   2.2	0.56	5.4	0.080	   2
FBtr0333414-M	  25	  27.9	0.48	5.0	0.103	  25
FBtr0333415-M	   1	   1.1	0.56	5.4	0.080	   1
FBtr0333425-M	  54	  58.4	0.56	5.6	0.075	  54
FBtr0333487-M	 148	 159.7	0.59	5.5	0.073	 148
FBtr0333556-M	   1	   1.1	0.56	5.4	0.080	   1
FBtr0333569-M	 571	 611.2	0.62	5.6	0.066	 571
FBtr0334113-M	1634	1811.8	0.57	4.9	0.098	1634
FBtr0334157-M	  64	  68.5	0.62	5.7	0.066	  64
FBtr0334265-M	  32	  35.0	0.54	5.3	0.085	  32
FBtr0334311-M	 757	 820.2	0.57	5.4	0.077	 757
FBtr0334496-M	   1	   1.1	0.56	5.4	0.080	   1
FBtr0334588-M	   1	   1.1	0.56	5.4	0.080	   1
FBtr0334646-M	 281	 305.6	0.56	5.4	0.080	 281
FBtr0334686-M	3367	3700.3	0.62	4.9	0.090	3367
FBtr0334916-M	   2	   2.2	0.56	5.4	0.080	   2
FBtr0335138-M	  28	  30.8	0.52	5.2	0.090	  28
FBtr0335142-M	 128	 140.0	0.59	5.1	0.086	 128
FBtr0335144-M	   1	   1.1	0.56	5.4	0.080	   1
FBtr0335152-M	   1	   1.1	0.56	5.4	0.080	   1
FBtr0335190-M	   6	   6.5	0.61	5.5	0.075	   6
FBtr0335472-M	   1	   1.1	0.56	5.4	0.080	   1
FBtr0335503-M	 188	 199.7	0.71	5.6	0.059	 188
FBtr0336798-M	 165	 179.1	0.45	5.9	0.079	 165
FBtr0336850-M	   2	   2.2	0.56	5.4	0.080	   2
FBtr0336884-M	   4	   4.3	0.58	5.4	0.079	   4
FBtr0337001-M	   3	   3.3	0.52	5.2	0.092	   3
FBtr0337004-M	  14	  15.5	0.50	5.1	0.099	  14
FBtr0337091-M	  55	  58.9	0.66	5.6	0.066	  55
FBtr0339526-M	  11	  11.9	0.64	5.6	0.072	  11
FBtr0339599-M	  50	  53.8	0.52	6.0	0.071	  50
FBtr0339663-M	  28	  30.1	0.61	5.6	0.071	  28
FBtr0339671-M	 101	 109.5	0.53	5.6	0.078	 101
FBtr0339790-M	  20	  21.5	0.65	5.7	0.068	  20
FBtr0339900-M	 222	 244.4	0.58	5.0	0.092	 222
FBtr0339956-M	 154	 168.3	0.55	5.3	0.085	 154
FBtr0340246-M	   4	   4.3	0.57	5.4	0.080	   4
FBtr0340262-M	  13	  14.0	0.62	5.5	0.074	  13
FBtr0340450-M	 417	 452.5	0.53	5.6	0.078	 417
FBtr0340541-M	  16	  17.5	0.47	5.6	0.084	  16
FBtr0340545-M	   1	   1.1	0.56	5.4	0.080	   1
FBtr0340549-M	  65	  71.8	0.59	4.9	0.094	  65
FBtr0342580-M	  38	  40.7	0.74	5.3	0.067	  38
FBtr0342594-M	   7	   7.6	0.60	5.3	0.079	   7
FBtr0342602-M	 120	 136.2	0.51	4.7	0.119	 120
FBtr0342637-M	4459	5047.0	0.46	4.9	0.117	4459
FBtr0342655-M	  18	  20.2	0.46	5.0	0.107	  18
FBtr0342766-M	 101	 110.0	0.62	5.1	0.082	 101
FBtr0342979-M	   8	   8.6	0.61	5.6	0.074	   8
FBtr0343382-M	 426	 451.5	0.65	5.8	0.056	 426
FBtr0343403-M	  33	  35.3	0.61	6.0	0.065	  33
FBtr0343407-M	  86	  93.2	0.55	5.5	0.077	  86
FBtr0343421-M	   3	   3.3	0.59	5.3	0.082	   3
FBtr0343426-M	 108	 120.8	0.38	5.3	0.106	 108
FBtr0343563-M	   2	   2.2	0.56	5.4	0.080	   2
FBtr0343569-M	   1	   1.1	0.56	5.4	0.080	   1
FBtr0343574	   5	   5.5	0.50	5.2	0.094	   5
FBtr0343585-M	  33	  35.8	0.59	5.3	0.079	  33
FBtr0343607-M	  41	  43.7	0.74	5.6	0.061	  41
FBtr0343622-M	   2	   2.2	0.56	5.4	0.080	   2
FBtr0343641-M	   1	   1.1	0.56	5.4	0.080	   1
FBtr0343687-M	  23	  25.1	0.55	5.3	0.083	  23
FBtr0343722-M	 164	 184.8	0.56	4.6	0.113	 164
FBtr0343737-M	   7	   7.6	0.54	5.4	0.082	   7
FBtr0343738-M	   2	   2.2	0.56	5.4	0.080	   2
FBtr0343747-M	  10	  11.1	0.46	5.3	0.095	  10
FBtr0343774-M	  10	  11.0	0.56	5.2	0.087	  10
FBtr0343775-M	   3	   3.3	0.52	5.4	0.084	   3
FBtr0343814-M	 276	 296.3	0.54	5.9	0.069	 276
FBtr0343875-M	  93	  98.5	0.73	5.7	0.056	  93
FBtr0344007-M	  42	  46.3	0.45	5.4	0.094	  42
FBtr0344082-M	  41	  45.0	0.48	5.4	0.090	  41
FBtr0344131-M	   1	   1.1	0.56	5.4	0.080	   1
FBtr0344711-M	  96	 106.7	0.46	5.2	0.101	  96
FBtr0344788-M	  12	  13.0	0.62	5.3	0.077	  12
FBtr0344976-M	  82	  88.5	0.64	5.3	0.073	  82
FBtr0344982-M	  34	  36.5	0.62	5.7	0.068	  34
FBtr0344987-M	  21	  22.5	0.68	5.8	0.065	  21
FBtr0345332-M	3900	4201.1	0.67	5.2	0.072	3900
FBtr0345422-M	  59	  62.6	0.78	5.5	0.058	  59
FBtr0345615-M	   1	   1.1	0.56	5.4	0.080	   1
FBtr0345779-M	   3	   3.3	0.59	5.4	0.079	   3
FBtr0345894-M	6017	6372.3	0.62	5.9	0.056	6017
FBtr0346117-M	  11	  12.0	0.60	5.2	0.083	  11
FBtr0346141-M	   7	   7.6	0.62	5.5	0.075	   7
FBtr0346150-M	1956	2109.4	0.65	5.3	0.073	1956
FBtr0346349-M	5718	6146.1	0.63	5.4	0.070	5718
FBtr0346420-M	  39	  42.3	0.55	5.5	0.077	  39
FBtr0346428-M	 242	 253.3	0.79	5.8	0.045	 242
FBtr0346441-M	  12	  13.0	0.65	5.4	0.074	  12
FBtr0346462-M	   4	   4.3	0.59	5.5	0.077	   4
FBtr0346463-M	 151	 162.5	0.69	5.2	0.071	 151
FBtr0346539-M	1372	1470.9	0.55	5.8	0.067	1372
FBtr0346541-M	1010	1090.1	0.61	5.4	0.073	1010
FBtr0346623-M	   3	   3.3	0.57	5.5	0.078	   3
FBtr0347045-M	  62	  68.7	0.42	5.3	0.098	  62
FBtr0347416-M	   1	   1.1	0.56	5.4	0.080	   1
